src/app/(dashboard)/layout.tsx(4,28): error TS2307: Cannot find module '@/hooks/use-app-user' or its corresponding type declarations.
src/app/actions/data.ts(12,9): error TS2322: Type 'Resource[][]' is not assignable to type 'Resource[]'.
  Type 'Resource[]' is missing the following properties from type 'Resource': id, name, type, location, and 5 more.
src/app/actions/data.ts(22,9): error TS2740: Type 'Resource[]' is missing the following properties from type 'Resource': id, name, type, location, and 5 more.
src/app/actions/data.ts(34,9): error TS2322: Type 'User[][]' is not assignable to type 'User[]'.
  Type 'User[]' is missing the following properties from type 'User': id, name, email, role, avatar
src/app/actions/data.ts(44,9): error TS2739: Type 'User[]' is missing the following properties from type 'User': id, name, email, role, avatar
src/app/actions/data.ts(56,9): error TS2322: Type 'Reservation[][]' is not assignable to type 'Reservation[]'.
  Type 'Reservation[]' is missing the following properties from type 'Reservation': id, resourceId, userId, startTime, and 3 more.
src/app/actions/data.ts(66,9): error TS2740: Type 'Reservation[]' is missing the following properties from type 'Reservation': id, resourceId, userId, startTime, and 3 more.
src/app/actions/mutations.ts(47,59): error TS2345: Argument of type 'string[]' is not assignable to parameter of type 'Primitive'.
src/app/actions/mutations.ts(75,103): error TS2345: Argument of type 'string[]' is not assignable to parameter of type 'Primitive'.
src/app/actions/reservations.ts(108,51): error TS2339: Property 'extend' does not exist on type 'ZodEffects<ZodObject<{ resourceId: ZodString; date: ZodDate; startTime: ZodString; endTime: ZodString; }, "strip", ZodTypeAny, { date: Date; resourceId: string; startTime: string; endTime: string; }, { ...; }>, { ...; }, { ...; }>'.
src/app/actions/resources.ts(75,61): error TS2345: Argument of type 'string[]' is not assignable to parameter of type 'Primitive'.
src/app/actions/resources.ts(122,27): error TS2345: Argument of type 'string[]' is not assignable to parameter of type 'Primitive'.
src/app/actions/users.ts(64,13): error TS18047: 'existingUser.rowCount' is possibly 'null'.
src/app/actions/users.ts(159,22): error TS2339: Property 'query' does not exist on type '<O extends QueryResultRow>(strings: TemplateStringsArray, ...values: Primitive[]) => Promise<QueryResult<O>>'.
src/app/dashboard/resources/page.tsx(16,28): error TS2769: No overload matches this call.
  Overload 1 of 2, '(predicate: (value: QueryResultRow, index: number, array: QueryResultRow[]) => value is QueryResultRow, thisArg?: any): QueryResultRow[]', gave the following error.
    Argument of type '(resource: Resource) => boolean' is not assignable to parameter of type '(value: QueryResultRow, index: number, array: QueryResultRow[]) => value is QueryResultRow'.
      Types of parameters 'resource' and 'value' are incompatible.
        Type 'QueryResultRow' is missing the following properties from type 'Resource': id, name, type, location, and 5 more.
  Overload 2 of 2, '(predicate: (value: QueryResultRow, index: number, array: QueryResultRow[]) => unknown, thisArg?: any): QueryResultRow[]', gave the following error.
    Argument of type '(resource: Resource) => boolean' is not assignable to parameter of type '(value: QueryResultRow, index: number, array: QueryResultRow[]) => unknown'.
      Types of parameters 'resource' and 'value' are incompatible.
        Type 'QueryResultRow' is missing the following properties from type 'Resource': id, name, type, location, and 5 more.
src/app/dashboard/settings/page.tsx(111,5): error TS2322: Type '"resourceTags"' is not assignable to type '"classBlocks" | "breaks"'.
src/app/reset-password/page.tsx(62,46): error TS2345: Argument of type '{ email: string; password: string; }' is not assignable to parameter of type 'string'.
src/components/app-sidebar.tsx(55,15): error TS2322: Type '{ children: Element; as: ForwardRefExoticComponent<Omit<AnchorHTMLAttributes<HTMLAnchorElement>, keyof InternalLinkProps> & InternalLinkProps & { ...; } & RefAttributes<...>>; href: string; title: string; className: string; tooltip: string; }' is not assignable to type 'IntrinsicAttributes & Omit<ClassAttributes<HTMLButtonElement> & ButtonHTMLAttributes<HTMLButtonElement> & { ...; }, "ref"> & RefAttributes<...>'.
  Property 'href' does not exist on type 'IntrinsicAttributes & Omit<ClassAttributes<HTMLButtonElement> & ButtonHTMLAttributes<HTMLButtonElement> & { ...; }, "ref"> & RefAttributes<...>'. Did you mean 'ref'?
src/components/reservations/reservations-client-view.tsx(36,39): error TS2345: Argument of type '{ status: string | string[]; userId: string | null; showAll: boolean; }' is not assignable to parameter of type '{ status?: string | string[] | undefined; userId?: string | undefined; }'.
  Types of property 'userId' are incompatible.
    Type 'string | null' is not assignable to type 'string | undefined'.
      Type 'null' is not assignable to type 'string | undefined'.
src/components/reservations/reservations-client-view.tsx(67,17): error TS2322: Type 'null' is not assignable to type 'string'.
src/components/reservations/reservations-list.tsx(136,93): error TS2339: Property 'resourceName' does not exist on type 'Reservation'.
src/components/reservations/reservations-list.tsx(137,69): error TS2339: Property 'userName' does not exist on type 'Reservation'.
src/components/resources/resource-card.tsx(18,36): error TS2339: Property 'description' does not exist on type 'Resource'.
src/components/ui/tabs.tsx(20,15): error TS2339: Property 'value' does not exist on type '{ prefix?: string | undefined; translate?: "yes" | "no" | undefined; content?: string | undefined; popover?: "" | "auto" | "manual" | "hint" | undefined; id?: string | undefined; role?: AriaRole | undefined; ... 271 more ...; loop?: boolean | undefined; }'.
src/components/ui/tabs.tsx(21,26): error TS2339: Property 'value' does not exist on type '{ prefix?: string | undefined; translate?: "yes" | "no" | undefined; content?: string | undefined; popover?: "" | "auto" | "manual" | "hint" | undefined; id?: string | undefined; role?: AriaRole | undefined; ... 271 more ...; loop?: boolean | undefined; }'.
src/components/ui/tabs.tsx(23,13): error TS2339: Property 'value' does not exist on type '{ prefix?: string | undefined; translate?: "yes" | "no" | undefined; content?: string | undefined; popover?: "" | "auto" | "manual" | "hint" | undefined; id?: string | undefined; role?: AriaRole | undefined; ... 271 more ...; loop?: boolean | undefined; }'.
src/components/users/users-client-view.tsx(90,68): error TS2339: Property 'createdAt' does not exist on type 'User'.
src/components/users/users-client-view.tsx(209,25): error TS2322: Type '{ checked: boolean; indeterminate: boolean; onCheckedChange: (value: CheckedState) => void; "aria-label": string; }' is not assignable to type 'IntrinsicAttributes & Omit<CheckboxProps & RefAttributes<HTMLButtonElement>, "ref"> & RefAttributes<...>'.
  Property 'indeterminate' does not exist on type 'IntrinsicAttributes & Omit<CheckboxProps & RefAttributes<HTMLButtonElement>, "ref"> & RefAttributes<...>'.
