src/app/(dashboard)/layout.tsx(4,28): error TS2307: Cannot find module '@/hooks/use-app-user' or its corresponding type declarations.
src/app/actions/mutations.ts(47,59): error TS2345: Argument of type 'string[]' is not assignable to parameter of type 'Primitive'.
src/app/actions/mutations.ts(75,103): error TS2345: Argument of type 'string[]' is not assignable to parameter of type 'Primitive'.
src/app/dashboard/settings/resources/edit/[id]/page.tsx(82,32): error TS2345: Argument of type '{ equipment: string; tags: string[]; id: string; name: string; type: string; location: string; capacity: number; imageUrl: string | null; availability?: string; description?: string; }' is not assignable to parameter of type '{ name: string; type: string; location: string; capacity: number; imageUrl: string; tags: string[]; equipment?: string | undefined; } | { name?: string | undefined; type?: string | undefined; ... 4 more ...; equipment?: string | undefined; } | ResetAction<...> | undefined'.
  Type '{ equipment: string; tags: string[]; id: string; name: string; type: string; location: string; capacity: number; imageUrl: string | null; availability?: string; description?: string; }' is not assignable to type '{ name?: string | undefined; type?: string | undefined; location?: string | undefined; capacity?: number | undefined; imageUrl?: string | undefined; tags?: (string | undefined)[] | undefined; equipment?: string | undefined; }'.
    Types of property 'imageUrl' are incompatible.
      Type 'string | null' is not assignable to type 'string | undefined'.
        Type 'null' is not assignable to type 'string | undefined'.
src/app/reset-password/page.tsx(62,46): error TS2345: Argument of type '{ email: string; password: string; }' is not assignable to parameter of type 'string'.
src/components/reservations/reservations-client-view.tsx(36,39): error TS2345: Argument of type '{ status: string | string[]; userId: string | null; showAll: boolean; }' is not assignable to parameter of type '{ status?: string | string[] | undefined; userId?: string | undefined; }'.
  Types of property 'userId' are incompatible.
    Type 'string | null' is not assignable to type 'string | undefined'.
      Type 'null' is not assignable to type 'string | undefined'.
src/components/reservations/reservations-client-view.tsx(67,17): error TS2322: Type 'null' is not assignable to type 'string'.
